// Jest Snapshot v1, https://goo.gl/fbAQLP

exports[`<A /> should match latest snapshot 1`] = `"<div><button class=\\"btn-foo\\">click me</button></div>"`;
